2025-08-14 00:50:56,210 - root -INFO - Logging configured. Logs will be save to: results/logs/train_run_20250814_005056.log
2025-08-14 00:50:56,210 - __main__ -INFO - ----- Fashion MNIST Training Script (MLflow Run ID: 55f47d5d829b49aea4c43d2c0d1ec75e) -----
2025-08-14 00:50:56,560 - __main__ -INFO -  Using Device: cuda
2025-08-14 00:50:56,591 - __main__ -INFO - 
Loading datasets and creating DataLoaders...
2025-08-14 00:50:56,895 - __main__ -INFO - 
Initializing model...
2025-08-14 00:50:56,980 - __main__ -INFO - Model Architecture: 
DeepCNN(
  (model): Sequential(
    (0): Conv2d(1, 64, kernel_size=(3, 3), stride=(1, 1), padding=(1, 1))
    (1): BatchNorm2d(64, eps=1e-05, momentum=0.1, affine=True, track_running_stats=True)
    (2): ReLU()
    (3): MaxPool2d(kernel_size=2, stride=2, padding=0, dilation=1, ceil_mode=False)
    (4): Conv2d(64, 128, kernel_size=(3, 3), stride=(1, 1), padding=(1, 1))
    (5): BatchNorm2d(128, eps=1e-05, momentum=0.1, affine=True, track_running_stats=True)
    (6): ReLU()
    (7): MaxPool2d(kernel_size=2, stride=2, padding=0, dilation=1, ceil_mode=False)
    (8): Conv2d(128, 256, kernel_size=(3, 3), stride=(1, 1), padding=(1, 1))
    (9): BatchNorm2d(256, eps=1e-05, momentum=0.1, affine=True, track_running_stats=True)
    (10): ReLU()
    (11): Flatten(start_dim=1, end_dim=-1)
    (12): Linear(in_features=12544, out_features=512, bias=True)
    (13): ReLU()
    (14): Dropout(p=0.3, inplace=False)
    (15): Linear(in_features=512, out_features=10, bias=True)
  )
)
2025-08-14 00:50:56,981 - __main__ -INFO - 
Settig up loss function and optimizer
2025-08-14 00:50:56,982 - __main__ -INFO - ===== Begin Training =====
2025-08-14 00:50:57,287 - __main__ -INFO - 
Epoch 1 of 10
2025-08-14 00:51:06,069 - __main__ -INFO - Train Loss: 0.4050, Train Accuracy: 0.8561
2025-08-14 00:51:06,681 - __main__ -INFO - Validation Loss: 0.3395, Validation Accuracy: 0.8665
2025-08-14 00:51:06,900 - training.callbacks -INFO - Epoch 1: 'val_accuracy' improved to 0.8665. Model saved to models/best_model.pth
2025-08-14 00:51:06,900 - __main__ -INFO - 
Epoch 2 of 10
2025-08-14 00:51:11,481 - __main__ -INFO - Train Loss: 0.2704, Train Accuracy: 0.9010
2025-08-14 00:51:12,055 - __main__ -INFO - Validation Loss: 0.2735, Validation Accuracy: 0.8962
2025-08-14 00:51:12,261 - training.callbacks -INFO - Epoch 2: 'val_accuracy' improved to 0.8962. Model saved to models/best_model.pth
2025-08-14 00:51:12,261 - __main__ -INFO - 
Epoch 3 of 10
2025-08-14 00:51:16,849 - __main__ -INFO - Train Loss: 0.2252, Train Accuracy: 0.9179
2025-08-14 00:51:17,406 - __main__ -INFO - Validation Loss: 0.2410, Validation Accuracy: 0.9080
2025-08-14 00:51:17,615 - training.callbacks -INFO - Epoch 3: 'val_accuracy' improved to 0.9080. Model saved to models/best_model.pth
2025-08-14 00:51:17,616 - __main__ -INFO - 
Epoch 4 of 10
2025-08-14 00:51:22,388 - __main__ -INFO - Train Loss: 0.1907, Train Accuracy: 0.9303
2025-08-14 00:51:22,970 - __main__ -INFO - Validation Loss: 0.2189, Validation Accuracy: 0.9215
2025-08-14 00:51:23,204 - training.callbacks -INFO - Epoch 4: 'val_accuracy' improved to 0.9215. Model saved to models/best_model.pth
2025-08-14 00:51:23,205 - __main__ -INFO - 
Epoch 5 of 10
2025-08-14 00:51:27,865 - __main__ -INFO - Train Loss: 0.1627, Train Accuracy: 0.9401
2025-08-14 00:51:28,410 - __main__ -INFO - Validation Loss: 0.2146, Validation Accuracy: 0.9234
2025-08-14 00:51:28,613 - training.callbacks -INFO - Epoch 5: 'val_accuracy' improved to 0.9234. Model saved to models/best_model.pth
2025-08-14 00:51:28,613 - __main__ -INFO - 
Epoch 6 of 10
2025-08-14 00:51:33,279 - __main__ -INFO - Train Loss: 0.1397, Train Accuracy: 0.9474
2025-08-14 00:51:33,823 - __main__ -INFO - Validation Loss: 0.2056, Validation Accuracy: 0.9284
2025-08-14 00:51:34,028 - training.callbacks -INFO - Epoch 6: 'val_accuracy' improved to 0.9284. Model saved to models/best_model.pth
2025-08-14 00:51:34,028 - __main__ -INFO - 
Epoch 7 of 10
2025-08-14 00:51:38,623 - __main__ -INFO - Train Loss: 0.1168, Train Accuracy: 0.9563
2025-08-14 00:51:39,183 - __main__ -INFO - Validation Loss: 0.2341, Validation Accuracy: 0.9233
2025-08-14 00:51:39,280 - training.callbacks -INFO - Epoch 7: 'val_accuracy' did not improve. Model not saved.
2025-08-14 00:51:39,280 - __main__ -INFO - 
Epoch 8 of 10
2025-08-14 00:51:43,905 - __main__ -INFO - Train Loss: 0.0988, Train Accuracy: 0.9637
2025-08-14 00:51:44,458 - __main__ -INFO - Validation Loss: 0.2416, Validation Accuracy: 0.9258
2025-08-14 00:51:44,554 - training.callbacks -INFO - Epoch 8: 'val_accuracy' did not improve. Model not saved.
2025-08-14 00:51:44,554 - __main__ -INFO - 
Epoch 9 of 10
2025-08-14 00:51:49,201 - __main__ -INFO - Train Loss: 0.0832, Train Accuracy: 0.9690
2025-08-14 00:51:49,744 - __main__ -INFO - Validation Loss: 0.2330, Validation Accuracy: 0.9278
2025-08-14 00:51:49,841 - training.callbacks -INFO - Epoch 9: 'val_accuracy' did not improve. Model not saved.
2025-08-14 00:51:49,873 - __main__ -INFO - 
Epoch 10 of 10
2025-08-14 00:51:54,533 - __main__ -INFO - Train Loss: 0.0698, Train Accuracy: 0.9736
2025-08-14 00:51:55,089 - __main__ -INFO - Validation Loss: 0.2512, Validation Accuracy: 0.9267
2025-08-14 00:51:55,185 - training.callbacks -INFO - Epoch 10: 'val_accuracy' did not improve. Model not saved.
2025-08-14 00:51:55,185 - __main__ -INFO - 
===== Training Complete =====
2025-08-14 00:51:55,186 - __main__ -INFO - Loading Best Model from models/best_model.pth for evaluation.
2025-08-14 00:52:26,606 - __main__ -INFO - Model logged to MLflow as artifact path 'model'.
2025-08-14 00:52:26,607 - __main__ -INFO - 
Performing evaluation and logging results
2025-08-14 00:52:28,645 - __main__ -INFO - Accuracy: 0.9284
2025-08-14 00:52:28,646 - __main__ -INFO - Evaluation Results and Plots logged as MLflow artifacts
2025-08-14 00:52:28,675 - __main__ -INFO - ===== MLflow run finished =====
