2025-08-10 12:46:29,596 - root -INFO - Logging configured. Logs will be save to: results/logs/train_run_20250810_124629.log
2025-08-10 12:46:29,596 - __main__ -INFO - ----- Fashion MNIST Training Script (MLflow Run ID: 7df8ac2d7a3443d8a99b0a722f6ecc97) -----
2025-08-10 12:46:29,912 - __main__ -INFO -  Using Device: cuda
2025-08-10 12:46:29,937 - __main__ -INFO - 
Loading datasets and creating DataLoaders...
2025-08-10 12:46:30,210 - __main__ -INFO - 
Initializing model...
2025-08-10 12:46:30,280 - __main__ -INFO - Model Architecture: 
FashionResNet(
  (model): Sequential(
    (0): Conv2d(1, 64, kernel_size=(3, 3), stride=(1, 1), padding=(1, 1), bias=False)
    (1): BatchNorm2d(64, eps=1e-05, momentum=0.1, affine=True, track_running_stats=True)
    (2): ReLU(inplace=True)
    (3): Sequential(
      (0): BasicBlock(
        (conv1): Conv2d(64, 64, kernel_size=(3, 3), stride=(1, 1), padding=(1, 1), bias=False)
        (bn1): BatchNorm2d(64, eps=1e-05, momentum=0.1, affine=True, track_running_stats=True)
        (relu): ReLU(inplace=True)
        (conv2): Conv2d(64, 64, kernel_size=(3, 3), stride=(1, 1), padding=(1, 1), bias=False)
        (bn2): BatchNorm2d(64, eps=1e-05, momentum=0.1, affine=True, track_running_stats=True)
        (shortcut): Sequential()
      )
      (1): BasicBlock(
        (conv1): Conv2d(64, 64, kernel_size=(3, 3), stride=(1, 1), padding=(1, 1), bias=False)
        (bn1): BatchNorm2d(64, eps=1e-05, momentum=0.1, affine=True, track_running_stats=True)
        (relu): ReLU(inplace=True)
        (conv2): Conv2d(64, 64, kernel_size=(3, 3), stride=(1, 1), padding=(1, 1), bias=False)
        (bn2): BatchNorm2d(64, eps=1e-05, momentum=0.1, affine=True, track_running_stats=True)
        (shortcut): Sequential()
      )
    )
    (4): Sequential(
      (0): BasicBlock(
        (conv1): Conv2d(64, 128, kernel_size=(3, 3), stride=(2, 2), padding=(1, 1), bias=False)
        (bn1): BatchNorm2d(128, eps=1e-05, momentum=0.1, affine=True, track_running_stats=True)
        (relu): ReLU(inplace=True)
        (conv2): Conv2d(128, 128, kernel_size=(3, 3), stride=(1, 1), padding=(1, 1), bias=False)
        (bn2): BatchNorm2d(128, eps=1e-05, momentum=0.1, affine=True, track_running_stats=True)
        (shortcut): Sequential(
          (0): Conv2d(64, 128, kernel_size=(1, 1), stride=(2, 2), bias=False)
          (1): BatchNorm2d(128, eps=1e-05, momentum=0.1, affine=True, track_running_stats=True)
        )
      )
      (1): BasicBlock(
        (conv1): Conv2d(128, 128, kernel_size=(3, 3), stride=(1, 1), padding=(1, 1), bias=False)
        (bn1): BatchNorm2d(128, eps=1e-05, momentum=0.1, affine=True, track_running_stats=True)
        (relu): ReLU(inplace=True)
        (conv2): Conv2d(128, 128, kernel_size=(3, 3), stride=(1, 1), padding=(1, 1), bias=False)
        (bn2): BatchNorm2d(128, eps=1e-05, momentum=0.1, affine=True, track_running_stats=True)
        (shortcut): Sequential()
      )
    )
    (5): Sequential(
      (0): BasicBlock(
        (conv1): Conv2d(128, 256, kernel_size=(3, 3), stride=(2, 2), padding=(1, 1), bias=False)
        (bn1): BatchNorm2d(256, eps=1e-05, momentum=0.1, affine=True, track_running_stats=True)
        (relu): ReLU(inplace=True)
        (conv2): Conv2d(256, 256, kernel_size=(3, 3), stride=(1, 1), padding=(1, 1), bias=False)
        (bn2): BatchNorm2d(256, eps=1e-05, momentum=0.1, affine=True, track_running_stats=True)
        (shortcut): Sequential(
          (0): Conv2d(128, 256, kernel_size=(1, 1), stride=(2, 2), bias=False)
          (1): BatchNorm2d(256, eps=1e-05, momentum=0.1, affine=True, track_running_stats=True)
        )
      )
      (1): BasicBlock(
        (conv1): Conv2d(256, 256, kernel_size=(3, 3), stride=(1, 1), padding=(1, 1), bias=False)
        (bn1): BatchNorm2d(256, eps=1e-05, momentum=0.1, affine=True, track_running_stats=True)
        (relu): ReLU(inplace=True)
        (conv2): Conv2d(256, 256, kernel_size=(3, 3), stride=(1, 1), padding=(1, 1), bias=False)
        (bn2): BatchNorm2d(256, eps=1e-05, momentum=0.1, affine=True, track_running_stats=True)
        (shortcut): Sequential()
      )
    )
    (6): AdaptiveAvgPool2d(output_size=(1, 1))
    (7): Flatten(start_dim=1, end_dim=-1)
    (8): Linear(in_features=256, out_features=10, bias=True)
  )
)
2025-08-10 12:46:30,280 - __main__ -INFO - 
Settig up loss function and optimizer
2025-08-10 12:46:30,282 - __main__ -INFO - ===== Begin Training =====
2025-08-10 12:46:30,546 - __main__ -INFO - 
Epoch 1 of 10
2025-08-10 12:46:46,714 - __main__ -INFO - Train Loss: 0.4141, Train Accuracy: 0.8500
2025-08-10 12:46:47,633 - __main__ -INFO - Validation Loss: 0.3205, Validation Accuracy: 0.8839
2025-08-10 12:46:47,776 - training.callbacks -INFO - Epoch 1: 'val_accuracy' improved to 0.8839. Model saved to models/best_model.pth
2025-08-10 12:46:47,776 - __main__ -INFO - 
Epoch 2 of 10
2025-08-10 12:46:59,885 - __main__ -INFO - Train Loss: 0.2554, Train Accuracy: 0.9063
2025-08-10 12:47:00,696 - __main__ -INFO - Validation Loss: 0.2567, Validation Accuracy: 0.9094
2025-08-10 12:47:00,829 - training.callbacks -INFO - Epoch 2: 'val_accuracy' improved to 0.9094. Model saved to models/best_model.pth
2025-08-10 12:47:00,830 - __main__ -INFO - 
Epoch 3 of 10
2025-08-10 12:47:12,942 - __main__ -INFO - Train Loss: 0.2166, Train Accuracy: 0.9218
2025-08-10 12:47:13,750 - __main__ -INFO - Validation Loss: 0.2559, Validation Accuracy: 0.9144
2025-08-10 12:47:13,886 - training.callbacks -INFO - Epoch 3: 'val_accuracy' improved to 0.9144. Model saved to models/best_model.pth
2025-08-10 12:47:13,886 - __main__ -INFO - 
Epoch 4 of 10
2025-08-10 12:47:26,027 - __main__ -INFO - Train Loss: 0.1871, Train Accuracy: 0.9318
2025-08-10 12:47:26,835 - __main__ -INFO - Validation Loss: 0.2199, Validation Accuracy: 0.9212
2025-08-10 12:47:26,986 - training.callbacks -INFO - Epoch 4: 'val_accuracy' improved to 0.9212. Model saved to models/best_model.pth
2025-08-10 12:47:26,986 - __main__ -INFO - 
Epoch 5 of 10
2025-08-10 12:47:39,292 - __main__ -INFO - Train Loss: 0.1635, Train Accuracy: 0.9400
2025-08-10 12:47:40,129 - __main__ -INFO - Validation Loss: 0.2452, Validation Accuracy: 0.9158
2025-08-10 12:47:40,216 - training.callbacks -INFO - Epoch 5: 'val_accuracy' did not improve. Model not saved.
2025-08-10 12:47:40,216 - __main__ -INFO - 
Epoch 6 of 10
2025-08-10 12:47:52,400 - __main__ -INFO - Train Loss: 0.1435, Train Accuracy: 0.9478
2025-08-10 12:47:53,224 - __main__ -INFO - Validation Loss: 0.2124, Validation Accuracy: 0.9266
2025-08-10 12:47:53,360 - training.callbacks -INFO - Epoch 6: 'val_accuracy' improved to 0.9266. Model saved to models/best_model.pth
2025-08-10 12:47:53,360 - __main__ -INFO - 
Epoch 7 of 10
2025-08-10 12:48:05,514 - __main__ -INFO - Train Loss: 0.1230, Train Accuracy: 0.9563
2025-08-10 12:48:06,350 - __main__ -INFO - Validation Loss: 0.2471, Validation Accuracy: 0.9154
2025-08-10 12:48:06,430 - training.callbacks -INFO - Epoch 7: 'val_accuracy' did not improve. Model not saved.
2025-08-10 12:48:06,431 - __main__ -INFO - 
Epoch 8 of 10
2025-08-10 12:48:18,726 - __main__ -INFO - Train Loss: 0.1031, Train Accuracy: 0.9632
2025-08-10 12:48:19,596 - __main__ -INFO - Validation Loss: 0.2468, Validation Accuracy: 0.9167
2025-08-10 12:48:19,678 - training.callbacks -INFO - Epoch 8: 'val_accuracy' did not improve. Model not saved.
2025-08-10 12:48:19,678 - __main__ -INFO - 
Epoch 9 of 10
2025-08-10 12:48:31,995 - __main__ -INFO - Train Loss: 0.0822, Train Accuracy: 0.9701
2025-08-10 12:48:32,823 - __main__ -INFO - Validation Loss: 0.2889, Validation Accuracy: 0.9148
2025-08-10 12:48:32,906 - training.callbacks -INFO - Epoch 9: 'val_accuracy' did not improve. Model not saved.
2025-08-10 12:48:32,906 - __main__ -INFO - 
Epoch 10 of 10
2025-08-10 12:48:45,066 - __main__ -INFO - Train Loss: 0.0663, Train Accuracy: 0.9765
2025-08-10 12:48:45,884 - __main__ -INFO - Validation Loss: 0.2400, Validation Accuracy: 0.9289
2025-08-10 12:48:46,023 - training.callbacks -INFO - Epoch 10: 'val_accuracy' improved to 0.9289. Model saved to models/best_model.pth
2025-08-10 12:48:46,023 - __main__ -INFO - 
===== Training Complete =====
2025-08-10 12:48:46,024 - __main__ -INFO - Loading Best Model from models/best_model.pth for evaluation.
2025-08-10 12:49:07,458 - __main__ -INFO - Model logged to MLflow as artifact path 'model'.
2025-08-10 12:49:07,458 - __main__ -INFO - 
Performing evaluation and logging results
2025-08-10 12:49:09,571 - __main__ -INFO - Accuracy: 0.9289
2025-08-10 12:49:09,572 - __main__ -INFO - Evaluation Results and Plots logged as MLflow artifacts
2025-08-10 12:49:09,594 - __main__ -INFO - ===== MLflow run finished =====
