2025-08-09 03:32:58,101 - root -INFO - Logging configured. Logs will be save to: results/logs/train_run_20250809_033258.log
2025-08-09 03:32:58,101 - __main__ -INFO - ----- Fashion MNIST Training Script (MLflow Run ID: bca475a489f641acbbe9bf4bf99e948d) -----
2025-08-09 03:32:58,400 - __main__ -INFO -  Using Device: cuda
2025-08-09 03:32:58,424 - __main__ -INFO - 
Loading datasets and creating DataLoaders...
2025-08-09 03:32:58,689 - __main__ -INFO - 
Initializing model...
2025-08-09 03:32:58,758 - __main__ -INFO - Model Architecture: 
FashionResNet(
  (model): Sequential(
    (0): Conv2d(1, 64, kernel_size=(3, 3), stride=(1, 1), padding=(1, 1), bias=False)
    (1): BatchNorm2d(64, eps=1e-05, momentum=0.1, affine=True, track_running_stats=True)
    (2): ReLU(inplace=True)
    (3): Sequential(
      (0): BasicBlock(
        (conv1): Conv2d(64, 64, kernel_size=(3, 3), stride=(1, 1), padding=(1, 1), bias=False)
        (bn1): BatchNorm2d(64, eps=1e-05, momentum=0.1, affine=True, track_running_stats=True)
        (relu): ReLU(inplace=True)
        (conv2): Conv2d(64, 64, kernel_size=(3, 3), stride=(1, 1), padding=(1, 1), bias=False)
        (bn2): BatchNorm2d(64, eps=1e-05, momentum=0.1, affine=True, track_running_stats=True)
        (shortcut): Sequential()
      )
      (1): BasicBlock(
        (conv1): Conv2d(64, 64, kernel_size=(3, 3), stride=(1, 1), padding=(1, 1), bias=False)
        (bn1): BatchNorm2d(64, eps=1e-05, momentum=0.1, affine=True, track_running_stats=True)
        (relu): ReLU(inplace=True)
        (conv2): Conv2d(64, 64, kernel_size=(3, 3), stride=(1, 1), padding=(1, 1), bias=False)
        (bn2): BatchNorm2d(64, eps=1e-05, momentum=0.1, affine=True, track_running_stats=True)
        (shortcut): Sequential()
      )
    )
    (4): Sequential(
      (0): BasicBlock(
        (conv1): Conv2d(64, 128, kernel_size=(3, 3), stride=(2, 2), padding=(1, 1), bias=False)
        (bn1): BatchNorm2d(128, eps=1e-05, momentum=0.1, affine=True, track_running_stats=True)
        (relu): ReLU(inplace=True)
        (conv2): Conv2d(128, 128, kernel_size=(3, 3), stride=(1, 1), padding=(1, 1), bias=False)
        (bn2): BatchNorm2d(128, eps=1e-05, momentum=0.1, affine=True, track_running_stats=True)
        (shortcut): Sequential(
          (0): Conv2d(64, 128, kernel_size=(1, 1), stride=(2, 2), bias=False)
          (1): BatchNorm2d(128, eps=1e-05, momentum=0.1, affine=True, track_running_stats=True)
        )
      )
      (1): BasicBlock(
        (conv1): Conv2d(128, 128, kernel_size=(3, 3), stride=(1, 1), padding=(1, 1), bias=False)
        (bn1): BatchNorm2d(128, eps=1e-05, momentum=0.1, affine=True, track_running_stats=True)
        (relu): ReLU(inplace=True)
        (conv2): Conv2d(128, 128, kernel_size=(3, 3), stride=(1, 1), padding=(1, 1), bias=False)
        (bn2): BatchNorm2d(128, eps=1e-05, momentum=0.1, affine=True, track_running_stats=True)
        (shortcut): Sequential()
      )
    )
    (5): Sequential(
      (0): BasicBlock(
        (conv1): Conv2d(128, 256, kernel_size=(3, 3), stride=(2, 2), padding=(1, 1), bias=False)
        (bn1): BatchNorm2d(256, eps=1e-05, momentum=0.1, affine=True, track_running_stats=True)
        (relu): ReLU(inplace=True)
        (conv2): Conv2d(256, 256, kernel_size=(3, 3), stride=(1, 1), padding=(1, 1), bias=False)
        (bn2): BatchNorm2d(256, eps=1e-05, momentum=0.1, affine=True, track_running_stats=True)
        (shortcut): Sequential(
          (0): Conv2d(128, 256, kernel_size=(1, 1), stride=(2, 2), bias=False)
          (1): BatchNorm2d(256, eps=1e-05, momentum=0.1, affine=True, track_running_stats=True)
        )
      )
      (1): BasicBlock(
        (conv1): Conv2d(256, 256, kernel_size=(3, 3), stride=(1, 1), padding=(1, 1), bias=False)
        (bn1): BatchNorm2d(256, eps=1e-05, momentum=0.1, affine=True, track_running_stats=True)
        (relu): ReLU(inplace=True)
        (conv2): Conv2d(256, 256, kernel_size=(3, 3), stride=(1, 1), padding=(1, 1), bias=False)
        (bn2): BatchNorm2d(256, eps=1e-05, momentum=0.1, affine=True, track_running_stats=True)
        (shortcut): Sequential()
      )
    )
    (6): AdaptiveAvgPool2d(output_size=(1, 1))
    (7): Flatten(start_dim=1, end_dim=-1)
    (8): Linear(in_features=256, out_features=10, bias=True)
  )
)
2025-08-09 03:32:58,758 - __main__ -INFO - 
Settig up loss function and optimizer
2025-08-09 03:32:58,759 - __main__ -INFO - ===== Begin Training =====
2025-08-09 03:32:59,043 - __main__ -INFO - 
Epoch 1 of 10
2025-08-09 03:33:15,339 - __main__ -INFO - Train Loss: 0.4219, Train Accuracy: 0.8458
2025-08-09 03:33:16,314 - __main__ -INFO - Validation Loss: 0.3178, Validation Accuracy: 0.8841
2025-08-09 03:33:16,395 - __main__ -INFO - 
Epoch 2 of 10
2025-08-09 03:33:28,046 - __main__ -INFO - Train Loss: 0.2580, Train Accuracy: 0.9057
2025-08-09 03:33:28,823 - __main__ -INFO - Validation Loss: 0.2737, Validation Accuracy: 0.8990
2025-08-09 03:33:28,905 - __main__ -INFO - 
Epoch 3 of 10
2025-08-09 03:33:40,566 - __main__ -INFO - Train Loss: 0.2117, Train Accuracy: 0.9225
2025-08-09 03:33:41,329 - __main__ -INFO - Validation Loss: 0.2471, Validation Accuracy: 0.9111
2025-08-09 03:33:41,404 - __main__ -INFO - 
Epoch 4 of 10
2025-08-09 03:33:53,082 - __main__ -INFO - Train Loss: 0.1859, Train Accuracy: 0.9320
2025-08-09 03:33:53,862 - __main__ -INFO - Validation Loss: 0.2506, Validation Accuracy: 0.9121
2025-08-09 03:33:53,944 - __main__ -INFO - 
Epoch 5 of 10
2025-08-09 03:34:05,619 - __main__ -INFO - Train Loss: 0.1629, Train Accuracy: 0.9398
2025-08-09 03:34:06,386 - __main__ -INFO - Validation Loss: 0.2271, Validation Accuracy: 0.9214
2025-08-09 03:34:06,466 - __main__ -INFO - 
Epoch 6 of 10
2025-08-09 03:34:18,139 - __main__ -INFO - Train Loss: 0.1400, Train Accuracy: 0.9494
2025-08-09 03:34:18,935 - __main__ -INFO - Validation Loss: 0.2482, Validation Accuracy: 0.9112
2025-08-09 03:34:19,017 - __main__ -INFO - 
Epoch 7 of 10
2025-08-09 03:34:30,687 - __main__ -INFO - Train Loss: 0.1189, Train Accuracy: 0.9563
2025-08-09 03:34:31,488 - __main__ -INFO - Validation Loss: 0.2242, Validation Accuracy: 0.9242
2025-08-09 03:34:31,568 - __main__ -INFO - 
Epoch 8 of 10
2025-08-09 03:34:43,231 - __main__ -INFO - Train Loss: 0.0971, Train Accuracy: 0.9647
2025-08-09 03:34:44,003 - __main__ -INFO - Validation Loss: 0.2214, Validation Accuracy: 0.9294
2025-08-09 03:34:44,082 - __main__ -INFO - 
Epoch 9 of 10
2025-08-09 03:34:55,756 - __main__ -INFO - Train Loss: 0.0776, Train Accuracy: 0.9718
2025-08-09 03:34:56,517 - __main__ -INFO - Validation Loss: 0.3024, Validation Accuracy: 0.9193
2025-08-09 03:34:56,596 - __main__ -INFO - 
Epoch 10 of 10
2025-08-09 03:35:08,275 - __main__ -INFO - Train Loss: 0.0588, Train Accuracy: 0.9785
2025-08-09 03:35:09,057 - __main__ -INFO - Validation Loss: 0.2876, Validation Accuracy: 0.9192
2025-08-09 03:35:09,137 - __main__ -INFO - 
===== Training Complete =====
2025-08-09 03:35:09,195 - __main__ -INFO - Model state dictionary saved to: models/vanilla_cnn_models.pth
2025-08-09 03:35:09,196 - __main__ -INFO - 
Performing evaluation and logging results
2025-08-09 03:35:11,365 - __main__ -INFO - Accuracy: 0.9192
2025-08-09 03:35:11,365 - __main__ -INFO - Evaluation Results and Plots logged as MLflow artifacts
2025-08-09 03:35:11,386 - __main__ -INFO - ===== MLflow run finished =====
