2025-08-14 01:03:17,314 - root -INFO - Logging configured. Logs will be save to: results/logs/train_run_20250814_010317.log
2025-08-14 01:03:17,314 - __main__ -INFO - ----- Fashion MNIST Training Script (MLflow Run ID: f6a72ebd21ed44beb1ea65142c6da6c8) -----
2025-08-14 01:03:17,670 - __main__ -INFO -  Using Device: cuda
2025-08-14 01:03:17,701 - __main__ -INFO - 
Loading datasets and creating DataLoaders...
2025-08-14 01:03:17,993 - __main__ -INFO - 
Initializing model...
2025-08-14 01:03:18,076 - __main__ -INFO - Model Architecture: 
DeepCNN(
  (model): Sequential(
    (0): Conv2d(1, 64, kernel_size=(3, 3), stride=(1, 1), padding=(1, 1))
    (1): BatchNorm2d(64, eps=1e-05, momentum=0.1, affine=True, track_running_stats=True)
    (2): ReLU()
    (3): MaxPool2d(kernel_size=2, stride=2, padding=0, dilation=1, ceil_mode=False)
    (4): Conv2d(64, 128, kernel_size=(3, 3), stride=(1, 1), padding=(1, 1))
    (5): BatchNorm2d(128, eps=1e-05, momentum=0.1, affine=True, track_running_stats=True)
    (6): ReLU()
    (7): MaxPool2d(kernel_size=2, stride=2, padding=0, dilation=1, ceil_mode=False)
    (8): Conv2d(128, 256, kernel_size=(3, 3), stride=(1, 1), padding=(1, 1))
    (9): BatchNorm2d(256, eps=1e-05, momentum=0.1, affine=True, track_running_stats=True)
    (10): ReLU()
    (11): Flatten(start_dim=1, end_dim=-1)
    (12): Linear(in_features=12544, out_features=512, bias=True)
    (13): ReLU()
    (14): Dropout(p=0.3, inplace=False)
    (15): Linear(in_features=512, out_features=10, bias=True)
  )
)
2025-08-14 01:03:18,077 - __main__ -INFO - 
Settig up loss function and optimizer
2025-08-14 01:03:18,078 - __main__ -INFO - ===== Begin Training =====
2025-08-14 01:03:18,348 - __main__ -INFO - 
Epoch 1 of 20
2025-08-14 01:03:26,884 - __main__ -INFO - Train Loss: 0.4076, Train Accuracy: 0.8545
2025-08-14 01:03:27,452 - __main__ -INFO - Validation Loss: 0.3216, Validation Accuracy: 0.8857
2025-08-14 01:03:27,748 - training.callbacks -INFO - Epoch 1: 'val_accuracy' improved to 0.8857. Model saved to models/best_model.pth
2025-08-14 01:03:27,748 - __main__ -INFO - 
Epoch 2 of 20
2025-08-14 01:03:32,092 - __main__ -INFO - Train Loss: 0.2662, Train Accuracy: 0.9026
2025-08-14 01:03:32,640 - __main__ -INFO - Validation Loss: 0.2689, Validation Accuracy: 0.9057
2025-08-14 01:03:32,842 - training.callbacks -INFO - Epoch 2: 'val_accuracy' improved to 0.9057. Model saved to models/best_model.pth
2025-08-14 01:03:32,843 - __main__ -INFO - 
Epoch 3 of 20
2025-08-14 01:03:37,245 - __main__ -INFO - Train Loss: 0.2218, Train Accuracy: 0.9186
2025-08-14 01:03:37,769 - __main__ -INFO - Validation Loss: 0.2367, Validation Accuracy: 0.9160
2025-08-14 01:03:37,969 - training.callbacks -INFO - Epoch 3: 'val_accuracy' improved to 0.9160. Model saved to models/best_model.pth
2025-08-14 01:03:37,969 - __main__ -INFO - 
Epoch 4 of 20
2025-08-14 01:03:42,356 - __main__ -INFO - Train Loss: 0.1890, Train Accuracy: 0.9313
2025-08-14 01:03:42,876 - __main__ -INFO - Validation Loss: 0.2291, Validation Accuracy: 0.9194
2025-08-14 01:03:43,078 - training.callbacks -INFO - Epoch 4: 'val_accuracy' improved to 0.9194. Model saved to models/best_model.pth
2025-08-14 01:03:43,078 - __main__ -INFO - 
Epoch 5 of 20
2025-08-14 01:03:47,459 - __main__ -INFO - Train Loss: 0.1606, Train Accuracy: 0.9406
2025-08-14 01:03:48,011 - __main__ -INFO - Validation Loss: 0.2172, Validation Accuracy: 0.9255
2025-08-14 01:03:48,358 - training.callbacks -INFO - Epoch 5: 'val_accuracy' improved to 0.9255. Model saved to models/best_model.pth
2025-08-14 01:03:48,358 - __main__ -INFO - 
Epoch 6 of 20
2025-08-14 01:03:52,744 - __main__ -INFO - Train Loss: 0.1337, Train Accuracy: 0.9503
2025-08-14 01:03:53,237 - __main__ -INFO - Validation Loss: 0.2246, Validation Accuracy: 0.9239
2025-08-14 01:03:53,331 - training.callbacks -INFO - Epoch 6: 'val_accuracy' did not improve. Model not saved.
2025-08-14 01:03:53,331 - __main__ -INFO - 
Epoch 7 of 20
2025-08-14 01:03:57,676 - __main__ -INFO - Train Loss: 0.1144, Train Accuracy: 0.9570
2025-08-14 01:03:58,222 - __main__ -INFO - Validation Loss: 0.2267, Validation Accuracy: 0.9247
2025-08-14 01:03:58,315 - training.callbacks -INFO - Epoch 7: 'val_accuracy' did not improve. Model not saved.
2025-08-14 01:03:58,315 - __main__ -INFO - 
Epoch 8 of 20
2025-08-14 01:04:02,665 - __main__ -INFO - Train Loss: 0.0951, Train Accuracy: 0.9646
2025-08-14 01:04:03,200 - __main__ -INFO - Validation Loss: 0.2454, Validation Accuracy: 0.9236
2025-08-14 01:04:03,300 - training.callbacks -INFO - Epoch 8: 'val_accuracy' did not improve. Model not saved.
2025-08-14 01:04:03,300 - __main__ -INFO - 
Epoch 9 of 20
2025-08-14 01:04:07,755 - __main__ -INFO - Train Loss: 0.0796, Train Accuracy: 0.9696
2025-08-14 01:04:08,271 - __main__ -INFO - Validation Loss: 0.2730, Validation Accuracy: 0.9225
2025-08-14 01:04:08,365 - training.callbacks -INFO - Epoch 9: 'val_accuracy' did not improve. Model not saved.
2025-08-14 01:04:08,366 - __main__ -INFO - 
Epoch 10 of 20
2025-08-14 01:04:12,715 - __main__ -INFO - Train Loss: 0.0649, Train Accuracy: 0.9759
2025-08-14 01:04:13,252 - __main__ -INFO - Validation Loss: 0.2804, Validation Accuracy: 0.9281
2025-08-14 01:04:13,449 - training.callbacks -INFO - Epoch 10: 'val_accuracy' improved to 0.9281. Model saved to models/best_model.pth
2025-08-14 01:04:13,450 - __main__ -INFO - 
Epoch 11 of 20
2025-08-14 01:04:17,800 - __main__ -INFO - Train Loss: 0.0568, Train Accuracy: 0.9785
2025-08-14 01:04:18,280 - __main__ -INFO - Validation Loss: 0.2902, Validation Accuracy: 0.9229
2025-08-14 01:04:18,374 - training.callbacks -INFO - Epoch 11: 'val_accuracy' did not improve. Model not saved.
2025-08-14 01:04:18,374 - __main__ -INFO - 
Epoch 12 of 20
2025-08-14 01:04:22,763 - __main__ -INFO - Train Loss: 0.0485, Train Accuracy: 0.9820
2025-08-14 01:04:23,312 - __main__ -INFO - Validation Loss: 0.3194, Validation Accuracy: 0.9252
2025-08-14 01:04:23,406 - training.callbacks -INFO - Epoch 12: 'val_accuracy' did not improve. Model not saved.
2025-08-14 01:04:23,406 - __main__ -INFO - 
Epoch 13 of 20
2025-08-14 01:04:27,723 - __main__ -INFO - Train Loss: 0.0434, Train Accuracy: 0.9840
2025-08-14 01:04:28,263 - __main__ -INFO - Validation Loss: 0.3353, Validation Accuracy: 0.9243
2025-08-14 01:04:28,357 - training.callbacks -INFO - Epoch 13: 'val_accuracy' did not improve. Model not saved.
2025-08-14 01:04:28,357 - __main__ -INFO - 
Epoch 14 of 20
2025-08-14 01:04:32,665 - __main__ -INFO - Train Loss: 0.0371, Train Accuracy: 0.9865
2025-08-14 01:04:33,188 - __main__ -INFO - Validation Loss: 0.3305, Validation Accuracy: 0.9283
2025-08-14 01:04:33,387 - training.callbacks -INFO - Epoch 14: 'val_accuracy' improved to 0.9283. Model saved to models/best_model.pth
2025-08-14 01:04:33,388 - __main__ -INFO - 
Epoch 15 of 20
2025-08-14 01:04:37,758 - __main__ -INFO - Train Loss: 0.0323, Train Accuracy: 0.9880
2025-08-14 01:04:38,302 - __main__ -INFO - Validation Loss: 0.3749, Validation Accuracy: 0.9286
2025-08-14 01:04:38,389 - training.callbacks -INFO - Early Stopping Triggered!!! No improvement in 'val_accuracy' for 5 epochs.
2025-08-14 01:04:38,389 - __main__ -INFO - Early stopping critera met. Training Stopped
2025-08-14 01:04:38,389 - __main__ -INFO - 
===== Training Complete =====
2025-08-14 01:04:38,390 - __main__ -INFO - Loading Best Model from models/best_model.pth for evaluation.
2025-08-14 01:05:09,882 - __main__ -INFO - Model logged to MLflow as artifact path 'model'.
2025-08-14 01:05:09,883 - __main__ -INFO - 
Performing evaluation and logging results
2025-08-14 01:05:12,733 - __main__ -INFO - Accuracy: 0.9283
2025-08-14 01:05:12,733 - __main__ -INFO - Evaluation Results and Plots logged as MLflow artifacts
2025-08-14 01:05:12,759 - __main__ -INFO - ===== MLflow run finished =====
