2025-08-10 11:04:10,836 - root -INFO - Logging configured. Logs will be save to: results/logs/train_run_20250810_110410.log
2025-08-10 11:04:10,837 - __main__ -INFO - ----- Fashion MNIST Training Script (MLflow Run ID: 257b328ecff54b96b9cb42f1be2b6907) -----
2025-08-10 11:04:11,149 - __main__ -INFO -  Using Device: cuda
2025-08-10 11:04:11,174 - __main__ -INFO - 
Loading datasets and creating DataLoaders...
2025-08-10 11:04:11,445 - __main__ -INFO - 
Initializing model...
2025-08-10 11:04:11,516 - __main__ -INFO - Model Architecture: 
FashionResNet(
  (model): Sequential(
    (0): Conv2d(1, 64, kernel_size=(3, 3), stride=(1, 1), padding=(1, 1), bias=False)
    (1): BatchNorm2d(64, eps=1e-05, momentum=0.1, affine=True, track_running_stats=True)
    (2): ReLU(inplace=True)
    (3): Sequential(
      (0): BasicBlock(
        (conv1): Conv2d(64, 64, kernel_size=(3, 3), stride=(1, 1), padding=(1, 1), bias=False)
        (bn1): BatchNorm2d(64, eps=1e-05, momentum=0.1, affine=True, track_running_stats=True)
        (relu): ReLU(inplace=True)
        (conv2): Conv2d(64, 64, kernel_size=(3, 3), stride=(1, 1), padding=(1, 1), bias=False)
        (bn2): BatchNorm2d(64, eps=1e-05, momentum=0.1, affine=True, track_running_stats=True)
        (shortcut): Sequential()
      )
      (1): BasicBlock(
        (conv1): Conv2d(64, 64, kernel_size=(3, 3), stride=(1, 1), padding=(1, 1), bias=False)
        (bn1): BatchNorm2d(64, eps=1e-05, momentum=0.1, affine=True, track_running_stats=True)
        (relu): ReLU(inplace=True)
        (conv2): Conv2d(64, 64, kernel_size=(3, 3), stride=(1, 1), padding=(1, 1), bias=False)
        (bn2): BatchNorm2d(64, eps=1e-05, momentum=0.1, affine=True, track_running_stats=True)
        (shortcut): Sequential()
      )
    )
    (4): Sequential(
      (0): BasicBlock(
        (conv1): Conv2d(64, 128, kernel_size=(3, 3), stride=(2, 2), padding=(1, 1), bias=False)
        (bn1): BatchNorm2d(128, eps=1e-05, momentum=0.1, affine=True, track_running_stats=True)
        (relu): ReLU(inplace=True)
        (conv2): Conv2d(128, 128, kernel_size=(3, 3), stride=(1, 1), padding=(1, 1), bias=False)
        (bn2): BatchNorm2d(128, eps=1e-05, momentum=0.1, affine=True, track_running_stats=True)
        (shortcut): Sequential(
          (0): Conv2d(64, 128, kernel_size=(1, 1), stride=(2, 2), bias=False)
          (1): BatchNorm2d(128, eps=1e-05, momentum=0.1, affine=True, track_running_stats=True)
        )
      )
      (1): BasicBlock(
        (conv1): Conv2d(128, 128, kernel_size=(3, 3), stride=(1, 1), padding=(1, 1), bias=False)
        (bn1): BatchNorm2d(128, eps=1e-05, momentum=0.1, affine=True, track_running_stats=True)
        (relu): ReLU(inplace=True)
        (conv2): Conv2d(128, 128, kernel_size=(3, 3), stride=(1, 1), padding=(1, 1), bias=False)
        (bn2): BatchNorm2d(128, eps=1e-05, momentum=0.1, affine=True, track_running_stats=True)
        (shortcut): Sequential()
      )
    )
    (5): Sequential(
      (0): BasicBlock(
        (conv1): Conv2d(128, 256, kernel_size=(3, 3), stride=(2, 2), padding=(1, 1), bias=False)
        (bn1): BatchNorm2d(256, eps=1e-05, momentum=0.1, affine=True, track_running_stats=True)
        (relu): ReLU(inplace=True)
        (conv2): Conv2d(256, 256, kernel_size=(3, 3), stride=(1, 1), padding=(1, 1), bias=False)
        (bn2): BatchNorm2d(256, eps=1e-05, momentum=0.1, affine=True, track_running_stats=True)
        (shortcut): Sequential(
          (0): Conv2d(128, 256, kernel_size=(1, 1), stride=(2, 2), bias=False)
          (1): BatchNorm2d(256, eps=1e-05, momentum=0.1, affine=True, track_running_stats=True)
        )
      )
      (1): BasicBlock(
        (conv1): Conv2d(256, 256, kernel_size=(3, 3), stride=(1, 1), padding=(1, 1), bias=False)
        (bn1): BatchNorm2d(256, eps=1e-05, momentum=0.1, affine=True, track_running_stats=True)
        (relu): ReLU(inplace=True)
        (conv2): Conv2d(256, 256, kernel_size=(3, 3), stride=(1, 1), padding=(1, 1), bias=False)
        (bn2): BatchNorm2d(256, eps=1e-05, momentum=0.1, affine=True, track_running_stats=True)
        (shortcut): Sequential()
      )
    )
    (6): AdaptiveAvgPool2d(output_size=(1, 1))
    (7): Flatten(start_dim=1, end_dim=-1)
    (8): Linear(in_features=256, out_features=10, bias=True)
  )
)
2025-08-10 11:04:11,517 - __main__ -INFO - 
Settig up loss function and optimizer
2025-08-10 11:04:11,518 - __main__ -INFO - ===== Begin Training =====
2025-08-10 11:04:11,801 - __main__ -INFO - 
Epoch 1 of 10
2025-08-10 11:04:27,810 - __main__ -INFO - Train Loss: 0.4195, Train Accuracy: 0.8478
2025-08-10 11:04:28,705 - __main__ -INFO - Validation Loss: 0.3019, Validation Accuracy: 0.8917
2025-08-10 11:04:28,843 - training.callbacks -INFO - Epoch 1: 'val_accuracy' improved to 0.8917. Model saved to models/fashion_mnist_best_model.pth
2025-08-10 11:04:28,843 - __main__ -INFO - 
Epoch 2 of 10
2025-08-10 11:04:40,673 - __main__ -INFO - Train Loss: 0.2570, Train Accuracy: 0.9060
2025-08-10 11:04:41,459 - __main__ -INFO - Validation Loss: 0.3103, Validation Accuracy: 0.8935
2025-08-10 11:04:41,577 - training.callbacks -INFO - Epoch 2: 'val_accuracy' improved to 0.8935. Model saved to models/fashion_mnist_best_model.pth
2025-08-10 11:04:41,577 - __main__ -INFO - 
Epoch 3 of 10
2025-08-10 11:04:53,397 - __main__ -INFO - Train Loss: 0.2155, Train Accuracy: 0.9222
2025-08-10 11:04:54,177 - __main__ -INFO - Validation Loss: 0.2114, Validation Accuracy: 0.9243
2025-08-10 11:04:54,308 - training.callbacks -INFO - Epoch 3: 'val_accuracy' improved to 0.9243. Model saved to models/fashion_mnist_best_model.pth
2025-08-10 11:04:54,309 - __main__ -INFO - 
Epoch 4 of 10
2025-08-10 11:05:06,071 - __main__ -INFO - Train Loss: 0.1889, Train Accuracy: 0.9313
2025-08-10 11:05:06,823 - __main__ -INFO - Validation Loss: 0.2163, Validation Accuracy: 0.9243
2025-08-10 11:05:06,904 - training.callbacks -INFO - Epoch 4: 'val_accuracy' did not improve. Model not saved.
2025-08-10 11:05:06,905 - __main__ -INFO - 
Epoch 5 of 10
2025-08-10 11:05:18,897 - __main__ -INFO - Train Loss: 0.1651, Train Accuracy: 0.9402
2025-08-10 11:05:19,755 - __main__ -INFO - Validation Loss: 0.2054, Validation Accuracy: 0.9262
2025-08-10 11:05:19,888 - training.callbacks -INFO - Epoch 5: 'val_accuracy' improved to 0.9262. Model saved to models/fashion_mnist_best_model.pth
2025-08-10 11:05:19,888 - __main__ -INFO - 
Epoch 6 of 10
2025-08-10 11:05:32,088 - __main__ -INFO - Train Loss: 0.1444, Train Accuracy: 0.9483
2025-08-10 11:05:32,891 - __main__ -INFO - Validation Loss: 0.2244, Validation Accuracy: 0.9219
2025-08-10 11:05:32,971 - training.callbacks -INFO - Epoch 6: 'val_accuracy' did not improve. Model not saved.
2025-08-10 11:05:32,971 - __main__ -INFO - 
Epoch 7 of 10
2025-08-10 11:05:44,829 - __main__ -INFO - Train Loss: 0.1249, Train Accuracy: 0.9545
2025-08-10 11:05:45,641 - __main__ -INFO - Validation Loss: 0.2414, Validation Accuracy: 0.9231
2025-08-10 11:05:45,721 - training.callbacks -INFO - Epoch 7: 'val_accuracy' did not improve. Model not saved.
2025-08-10 11:05:45,721 - __main__ -INFO - 
Epoch 8 of 10
2025-08-10 11:05:57,402 - __main__ -INFO - Train Loss: 0.1051, Train Accuracy: 0.9608
2025-08-10 11:05:58,190 - __main__ -INFO - Validation Loss: 0.2255, Validation Accuracy: 0.9251
2025-08-10 11:05:58,264 - training.callbacks -INFO - Epoch 8: 'val_accuracy' did not improve. Model not saved.
2025-08-10 11:05:58,264 - __main__ -INFO - 
Epoch 9 of 10
2025-08-10 11:06:10,000 - __main__ -INFO - Train Loss: 0.0839, Train Accuracy: 0.9698
2025-08-10 11:06:10,763 - __main__ -INFO - Validation Loss: 0.2389, Validation Accuracy: 0.9266
2025-08-10 11:06:10,892 - training.callbacks -INFO - Epoch 9: 'val_accuracy' improved to 0.9266. Model saved to models/fashion_mnist_best_model.pth
2025-08-10 11:06:10,892 - __main__ -INFO - 
Epoch 10 of 10
2025-08-10 11:06:22,661 - __main__ -INFO - Train Loss: 0.0683, Train Accuracy: 0.9753
2025-08-10 11:06:23,440 - __main__ -INFO - Validation Loss: 0.2614, Validation Accuracy: 0.9266
2025-08-10 11:06:23,520 - training.callbacks -INFO - Early Stopping Triggered!!! No improvement in 'val_accuracy' for 5 epochs.
2025-08-10 11:06:23,521 - __main__ -INFO - Early stopping critera met. Training Stopped
2025-08-10 11:06:23,521 - __main__ -INFO - 
===== Training Complete =====
2025-08-10 11:06:23,522 - __main__ -INFO - Loading Best Model from models/fashion_mnist_best_model.pth for evaluation.
2025-08-10 11:06:44,616 - __main__ -INFO - 
Performing evaluation and logging results
2025-08-10 11:06:46,750 - __main__ -INFO - Accuracy: 0.9266
2025-08-10 11:06:46,750 - __main__ -INFO - Evaluation Results and Plots logged as MLflow artifacts
2025-08-10 11:06:46,771 - __main__ -INFO - ===== MLflow run finished =====
